// Jest Snapshot v1, https://goo.gl/fbAQLP

exports[`Menu should match the snapshot 1`] = `
<li
  className="li li--local"
  onClick={[Function]}
>
  LOCAL
</li>
`;
